HES is not supported on architecture 'Ampere GA10x'.
Launching process...
Preparing to launch the GPU Trace Profiler activity on localhost...
Launched process: python3.12 (pid: 1822387)
/usr/bin/python3.12 tools/run_daemon_benchmark.py --commands target/nsight-current-1000-commands.json --output target/nsight/lanius-current-1000-20260810-submit24/transcript.json --prequeue-delay 10 --postcompile-delay 12

Attempting to automatically connect...
Searching for attachable processes on localhost:49152-49215...
Attachable process detected: laniusc (pid: 1822421)
- Status: Process created
- Uptime: 0.354s
Searching for attachable processes on localhost:49152-49215...
Attachable process updated: laniusc (pid: 1822421)
- Status: No supported graphics API detected. GPU Trace supports OpenGL, Vulkan, Vulkan SC
- Uptime: 3.1s
Searching for attachable processes on localhost:49152-49215...
Searching for attachable processes on localhost:49152-49215...
Attachable process updated: laniusc (pid: 1822421)
- Status: Waiting for supported graphics API. GPU Trace supports OpenGL, Vulkan, Vulkan SC
- Uptime: 6.04s
Searching for attachable processes on localhost:49152-49215...
Searching for attachable processes on localhost:49152-49215...
Attachable process updated: laniusc (pid: 1822421)
- Status: Presenting
- Uptime: 11.7s
Connecting to laniusc (pid: 1822421)...
Session established. Starting activity...
INFO: Sample duration = 194422ns; Warp State Sampling Interval = 512; GPU PMA Buffer Size (MB) = 4294.9; SOC PMA Buffer Size (MB) = 0 
Waiting for target ready...
Preparing to collect a GPU Trace report...
 with a max duration of 9999ms, limited to 24 submits...
-- Data transfer progress (10)
-- Data transfer progress (20)
-- Data transfer progress (60)
-- Data transfer progress (100)
GPU Trace report saved to /home/andrew-peterson/code/laniusc/target/nsight/lanius-current-1000-20260810-submit24/laniusc_2026_08_10_22_17_39.ngfx-gputrace
Opening generated GPU Trace report...
-- Loading progress (60)
-- Loading progress (100)
-- Loading progress (100)
-- Loading progress (30)
-- Loading progress (100)
-- Loading progress (100)
-- Loading progress (10)
-- Loading progress (20)
-- Loading progress (30)
Succeeded to export data:
    /home/andrew-peterson/code/laniusc/target/nsight/lanius-current-1000-20260810-submit24/ReportGeneratorTags.txt
    /home/andrew-peterson/code/laniusc/target/nsight/lanius-current-1000-20260810-submit24/BASE_UNLOCKED/REPRO_INFO.xls
    /home/andrew-peterson/code/laniusc/target/nsight/lanius-current-1000-20260810-submit24/BASE_UNLOCKED/D3DPERF_EVENTS.xls
    /home/andrew-peterson/code/laniusc/target/nsight/lanius-current-1000-20260810-submit24/BASE_UNLOCKED/FRAME.xls
    /home/andrew-peterson/code/laniusc/target/nsight/lanius-current-1000-20260810-submit24/BASE_UNLOCKED/GPUTRACE_FRAME.xls
    /home/andrew-peterson/code/laniusc/target/nsight/lanius-current-1000-20260810-submit24/BASE_UNLOCKED/GPUTRACE_REGIMES.xls
Terminating process...
Activity session destroyed, connection error encountered.
