HES is not supported on architecture 'Ampere GA10x'.
Launching process...
Preparing to launch the GPU Trace Profiler activity on localhost...
Launched process: laniusc (pid: 1208581)
/home/andrew-peterson/code/laniusc/target/release/laniusc daemon --unix-socket /tmp/laniusc-nsight-param-owner.sock --backend x86_64 --stdlib-root stdlib

Attempting to automatically connect...
Searching for attachable processes on localhost:49152-49215...
Attachable process detected: laniusc (pid: 1208581)
- Status: Process created
- Uptime: 0.403s
Searching for attachable processes on localhost:49152-49215...
Attachable process updated: laniusc (pid: 1208581)
- Status: No supported graphics API detected. GPU Trace supports OpenGL, Vulkan, Vulkan SC
- Uptime: 3.04s
Searching for attachable processes on localhost:49152-49215...
Searching for attachable processes on localhost:49152-49215...
Attachable process updated: laniusc (pid: 1208581)
- Status: Waiting for supported graphics API. GPU Trace supports OpenGL, Vulkan, Vulkan SC
- Uptime: 6.09s
Attachable process updated: laniusc (pid: 1208581)
- Status: Presenting
- Uptime: 7.81s
Connecting to laniusc (pid: 1208581)...
Session established. Starting activity...
INFO: Sample duration = 194422ns; Warp State Sampling Interval = 512; GPU PMA Buffer Size (MB) = 4294.9; SOC PMA Buffer Size (MB) = 0 
Waiting for target ready...
TARGET WARNING: Multi-pass metrics are only supported if the trace end condition is frames or if the underlying application is a replayer.
Preparing to collect a GPU Trace report...
 with a max duration of 9999ms, limited to 6 submits...
Activity session destroyed, connection error encountered.

