HES is not supported on architecture 'Ampere GA10x'.
Launching process...
Preparing to launch the GPU Trace Profiler activity on localhost...
Launched process: laniusc (pid: 104208)
/home/andrew-peterson/code/laniusc/target/release/laniusc daemon --unix-socket /tmp/laniusc-nsight-mixed.sock --backend x86_64 --stdlib-root stdlib

Attempting to automatically connect...
Searching for attachable processes on localhost:49152-49215...
Attachable process detected: laniusc (pid: 104208)
- Status: Process created
- Uptime: 0.495s
Searching for attachable processes on localhost:49152-49215...
Attachable process updated: laniusc (pid: 104208)
- Status: No supported graphics API detected. GPU Trace supports OpenGL, Vulkan, Vulkan SC
- Uptime: 3.03s
Searching for attachable processes on localhost:49152-49215...
Searching for attachable processes on localhost:49152-49215...
Attachable process updated: laniusc (pid: 104208)
- Status: Waiting for supported graphics API. GPU Trace supports OpenGL, Vulkan, Vulkan SC
- Uptime: 6.07s
Searching for attachable processes on localhost:49152-49215...
Searching for attachable processes on localhost:49152-49215...
Searching for attachable processes on localhost:49152-49215...
Searching for attachable processes on localhost:49152-49215...
Searching for attachable processes on localhost:49152-49215...
Searching for attachable processes on localhost:49152-49215...
Searching for attachable processes on localhost:49152-49215...
Searching for attachable processes on localhost:49152-49215...
Searching for attachable processes on localhost:49152-49215...
Searching for attachable processes on localhost:49152-49215...
Searching for attachable processes on localhost:49152-49215...
Searching for attachable processes on localhost:49152-49215...
Searching for attachable processes on localhost:49152-49215...
Searching for attachable processes on localhost:49152-49215...
Searching for attachable processes on localhost:49152-49215...
Searching for attachable processes on localhost:49152-49215...
Searching for attachable processes on localhost:49152-49215...
Searching for attachable processes on localhost:49152-49215...
Searching for attachable processes on localhost:49152-49215...
Searching for attachable processes on localhost:49152-49215...
Searching for attachable processes on localhost:49152-49215...
Searching for attachable processes on localhost:49152-49215...
Searching for attachable processes on localhost:49152-49215...
Searching for attachable processes on localhost:49152-49215...
Searching for attachable processes on localhost:49152-49215...
Searching for attachable processes on localhost:49152-49215...
Searching for attachable processes on localhost:49152-49215...
Searching for attachable processes on localhost:49152-49215...
Searching for attachable processes on localhost:49152-49215...
Searching for attachable processes on localhost:49152-49215...
Searching for attachable processes on localhost:49152-49215...
Searching for attachable processes on localhost:49152-49215...
Searching for attachable processes on localhost:49152-49215...
Searching for attachable processes on localhost:49152-49215...
Searching for attachable processes on localhost:49152-49215...
Searching for attachable processes on localhost:49152-49215...
Searching for attachable processes on localhost:49152-49215...
Searching for attachable processes on localhost:49152-49215...
Searching for attachable processes on localhost:49152-49215...
Searching for attachable processes on localhost:49152-49215...
Searching for attachable processes on localhost:49152-49215...
Searching for attachable processes on localhost:49152-49215...
Searching for attachable processes on localhost:49152-49215...
Searching for attachable processes on localhost:49152-49215...
Searching for attachable processes on localhost:49152-49215...
Searching for attachable processes on localhost:49152-49215...
Searching for attachable processes on localhost:49152-49215...
Searching for attachable processes on localhost:49152-49215...
Searching for attachable processes on localhost:49152-49215...
Searching for attachable processes on localhost:49152-49215...
Searching for attachable processes on localhost:49152-49215...
Searching for attachable processes on localhost:49152-49215...
Searching for attachable processes on localhost:49152-49215...
Searching for attachable processes on localhost:49152-49215...
Searching for attachable processes on localhost:49152-49215...
Searching for attachable processes on localhost:49152-49215...
Searching for attachable processes on localhost:49152-49215...
Searching for attachable processes on localhost:49152-49215...
Searching for attachable processes on localhost:49152-49215...
Searching for attachable processes on localhost:49152-49215...
Searching for attachable processes on localhost:49152-49215...
Searching for attachable processes on localhost:49152-49215...
Searching for attachable processes on localhost:49152-49215...
Searching for attachable processes on localhost:49152-49215...
Searching for attachable processes on localhost:49152-49215...
Searching for attachable processes on localhost:49152-49215...
Searching for attachable processes on localhost:49152-49215...
Searching for attachable processes on localhost:49152-49215...
Searching for attachable processes on localhost:49152-49215...
Searching for attachable processes on localhost:49152-49215...
Searching for attachable processes on localhost:49152-49215...
Searching for attachable processes on localhost:49152-49215...
Searching for attachable processes on localhost:49152-49215...
Searching for attachable processes on localhost:49152-49215...
Searching for attachable processes on localhost:49152-49215...
Searching for attachable processes on localhost:49152-49215...
Searching for attachable processes on localhost:49152-49215...
Searching for attachable processes on localhost:49152-49215...
Searching for attachable processes on localhost:49152-49215...
Searching for attachable processes on localhost:49152-49215...
Searching for attachable processes on localhost:49152-49215...
Searching for attachable processes on localhost:49152-49215...
Searching for attachable processes on localhost:49152-49215...
Searching for attachable processes on localhost:49152-49215...
Searching for attachable processes on localhost:49152-49215...
Searching for attachable processes on localhost:49152-49215...
Searching for attachable processes on localhost:49152-49215...
Searching for attachable processes on localhost:49152-49215...
Searching for attachable processes on localhost:49152-49215...
Searching for attachable processes on localhost:49152-49215...
Searching for attachable processes on localhost:49152-49215...
Searching for attachable processes on localhost:49152-49215...
Searching for attachable processes on localhost:49152-49215...
Searching for attachable processes on localhost:49152-49215...
Searching for attachable processes on localhost:49152-49215...
Searching for attachable processes on localhost:49152-49215...
Searching for attachable processes on localhost:49152-49215...
Searching for attachable processes on localhost:49152-49215...
Searching for attachable processes on localhost:49152-49215...
Searching for attachable processes on localhost:49152-49215...
Searching for attachable processes on localhost:49152-49215...
Searching for attachable processes on localhost:49152-49215...
Searching for attachable processes on localhost:49152-49215...
Searching for attachable processes on localhost:49152-49215...
Searching for attachable processes on localhost:49152-49215...
Searching for attachable processes on localhost:49152-49215...
Searching for attachable processes on localhost:49152-49215...
Searching for attachable processes on localhost:49152-49215...
Searching for attachable processes on localhost:49152-49215...
Searching for attachable processes on localhost:49152-49215...
Searching for attachable processes on localhost:49152-49215...
Searching for attachable processes on localhost:49152-49215...
Searching for attachable processes on localhost:49152-49215...
Searching for attachable processes on localhost:49152-49215...
Searching for attachable processes on localhost:49152-49215...
Searching for attachable processes on localhost:49152-49215...
Searching for attachable processes on localhost:49152-49215...
Searching for attachable processes on localhost:49152-49215...
Searching for attachable processes on localhost:49152-49215...
Searching for attachable processes on localhost:49152-49215...
Searching for attachable processes on localhost:49152-49215...
Searching for attachable processes on localhost:49152-49215...
Searching for attachable processes on localhost:49152-49215...
Searching for attachable processes on localhost:49152-49215...
Searching for attachable processes on localhost:49152-49215...
Searching for attachable processes on localhost:49152-49215...
Searching for attachable processes on localhost:49152-49215...
Searching for attachable processes on localhost:49152-49215...
Searching for attachable processes on localhost:49152-49215...
Searching for attachable processes on localhost:49152-49215...
Searching for attachable processes on localhost:49152-49215...
Searching for attachable processes on localhost:49152-49215...
Searching for attachable processes on localhost:49152-49215...
Searching for attachable processes on localhost:49152-49215...
Searching for attachable processes on localhost:49152-49215...
Attachable process updated: laniusc (pid: 104208)
- Status: Presenting
- Uptime: 280s
Connecting to laniusc (pid: 104208)...
Session established. Starting activity...
Waiting for target ready...
INFO: Sample duration = 194422ns; Warp State Sampling Interval = 512; GPU PMA Buffer Size (MB) = 4294.9; SOC PMA Buffer Size (MB) = 0 
Preparing to collect a GPU Trace report...
 with a max duration of 9999ms, limited to 6 submits...
Activity session destroyed, connection error encountered.

