HES is not supported on architecture 'Ampere GA10x'.
Launching process...
Preparing to launch the GPU Trace Profiler activity on localhost...
Launched process: python3.12 (pid: 1258436)
/usr/bin/python3.12 tools/run_daemon_benchmark.py --commands /tmp/laniusc-rounds-trace-commands.json --output /tmp/laniusc-bracket-game-radix-held-trace-transcript.json --prequeue-delay 3 --postcompile-delay 12

Attempting to automatically connect...
Searching for attachable processes on localhost:49152-49215...
Attachable process detected: laniusc (pid: 1258438)
- Status: Process created
- Uptime: 0.352s
Searching for attachable processes on localhost:49152-49215...
Attachable process updated: laniusc (pid: 1258438)
- Status: No supported graphics API detected. GPU Trace supports OpenGL, Vulkan, Vulkan SC
- Uptime: 3.09s
Searching for attachable processes on localhost:49152-49215...
Attachable process updated: laniusc (pid: 1258438)
- Status: Presenting
- Uptime: 5.33s
Connecting to laniusc (pid: 1258438)...
Session established. Starting activity...
INFO: Sample duration = 194422ns; Warp State Sampling Interval = 512; GPU PMA Buffer Size (MB) = 4294.9; SOC PMA Buffer Size (MB) = 0 
Waiting for target ready...
Preparing to collect a GPU Trace report...
 with a max duration of 9999ms...
Activity session destroyed, connection error encountered.

