HES is not supported on architecture 'Ampere GA10x'.
Launching process...
Preparing to launch the GPU Trace Profiler activity on localhost...
Launched process: python3.12 (pid: 654927)
/usr/bin/python3.12 tools/run_daemon_benchmark.py --commands target/profiles/full-batching-typical-100-commands.json --output target/profiles/typecheck-reset-removed-typical-100-transcript.json --prequeue-delay 10 --postcompile-delay 12

Attempting to automatically connect...
Searching for attachable processes on localhost:49152-49215...
Attachable process detected: laniusc (pid: 654930)
- Status: Process created
- Uptime: 0.348s
Searching for attachable processes on localhost:49152-49215...
Attachable process updated: laniusc (pid: 654930)
- Status: No supported graphics API detected. GPU Trace supports OpenGL, Vulkan, Vulkan SC
- Uptime: 3.09s
Searching for attachable processes on localhost:49152-49215...
Searching for attachable processes on localhost:49152-49215...
Attachable process updated: laniusc (pid: 654930)
- Status: Waiting for supported graphics API. GPU Trace supports OpenGL, Vulkan, Vulkan SC
- Uptime: 6.03s
Searching for attachable processes on localhost:49152-49215...
Searching for attachable processes on localhost:49152-49215...
Attachable process updated: laniusc (pid: 654930)
- Status: Presenting
- Uptime: 11.9s
Connecting to laniusc (pid: 654930)...
Session established. Starting activity...
Waiting for target ready...
INFO: Sample duration = 194422ns; Warp State Sampling Interval = 512; GPU PMA Buffer Size (MB) = 4294.9; SOC PMA Buffer Size (MB) = 0 
Preparing to collect a GPU Trace report...
Generating a trace after 44 submits with a max duration of 9999ms, limited to 11 submits...
GPU Trace report saved to /home/andrew-peterson/code/laniusc/benchmark_artifacts/profiles/nsight_summaries/typecheck-reset-removed-typical-100-20260819/laniusc_2026_08_19_00_55_21.ngfx-gputrace
Opening generated GPU Trace report...
-- Data transfer progress (100)
-- Loading progress (80)
-- Loading progress (100)
-- Loading progress (100)
-- Loading progress (80)
-- Loading progress (100)
-- Loading progress (100)
-- Loading progress (100)
-- Loading progress (100)
-- Loading progress (10)
-- Loading progress (20)
-- Loading progress (30)
-- Loading progress (40)
-- Loading progress (50)
-- Loading progress (60)
-- Loading progress (70)
-- Loading progress (80)
-- Loading progress (90)
-- Loading progress (100)
Succeeded to export data:
    /home/andrew-peterson/code/laniusc/benchmark_artifacts/profiles/nsight_summaries/typecheck-reset-removed-typical-100-20260819/ReportGeneratorTags.txt
    /home/andrew-peterson/code/laniusc/benchmark_artifacts/profiles/nsight_summaries/typecheck-reset-removed-typical-100-20260819/BASE_UNLOCKED/REPRO_INFO.xls
    /home/andrew-peterson/code/laniusc/benchmark_artifacts/profiles/nsight_summaries/typecheck-reset-removed-typical-100-20260819/BASE_UNLOCKED/D3DPERF_EVENTS.xls
    /home/andrew-peterson/code/laniusc/benchmark_artifacts/profiles/nsight_summaries/typecheck-reset-removed-typical-100-20260819/BASE_UNLOCKED/FRAME.xls
    /home/andrew-peterson/code/laniusc/benchmark_artifacts/profiles/nsight_summaries/typecheck-reset-removed-typical-100-20260819/BASE_UNLOCKED/GPUTRACE_FRAME.xls
    /home/andrew-peterson/code/laniusc/benchmark_artifacts/profiles/nsight_summaries/typecheck-reset-removed-typical-100-20260819/BASE_UNLOCKED/GPUTRACE_REGIMES.xls
Terminating process...
Activity session destroyed, connection error encountered.
