HES is not supported on architecture 'Ampere GA10x'.
Launching process...
Preparing to launch the GPU Trace Profiler activity on localhost...
Launched process: laniusc (pid: 1146152)
/home/andrew-peterson/code/laniusc/target/release/laniusc daemon --unix-socket /tmp/laniusc-ngfx-profile.sock --backend x86_64 --stdlib-root stdlib

Attempting to automatically connect...
Searching for attachable processes on localhost:49152-49215...
Attachable process detected: laniusc (pid: 1146152)
- Status: Process created
- Uptime: 0.404s
Searching for attachable processes on localhost:49152-49215...
Attachable process updated: laniusc (pid: 1146152)
- Status: No supported graphics API detected. GPU Trace supports OpenGL, Vulkan, Vulkan SC
- Uptime: 3.04s
Searching for attachable processes on localhost:49152-49215...
Searching for attachable processes on localhost:49152-49215...
Attachable process updated: laniusc (pid: 1146152)
- Status: Waiting for supported graphics API. GPU Trace supports OpenGL, Vulkan, Vulkan SC
- Uptime: 6.09s
Searching for attachable processes on localhost:49152-49215...
Searching for attachable processes on localhost:49152-49215...
Searching for attachable processes on localhost:49152-49215...
Searching for attachable processes on localhost:49152-49215...
Attachable process updated: laniusc (pid: 1146152)
- Status: Presenting
- Uptime: 15.5s
Connecting to laniusc (pid: 1146152)...
Session established. Starting activity...
INFO: Sample duration = 194422ns; Warp State Sampling Interval = 512; GPU PMA Buffer Size (MB) = 4294.9; SOC PMA Buffer Size (MB) = 0 
Waiting for target ready...
Preparing to collect a GPU Trace report...
 with a max duration of 9000ms...
Activity session destroyed, connection error encountered.

