HES is not supported on architecture 'Ampere GA10x'.
Launching process...
Preparing to launch the GPU Trace Profiler activity on localhost...
Launched process: python3.12 (pid: 135837)
/usr/bin/python3.12 tools/run_daemon_benchmark.py --commands target/profiles/full-batching-single-1mb-commands.json --output target/profiles/full-batching-single-1mb-nsight-transcript-v4.json --prequeue-delay 10 --postcompile-delay 12

Attempting to automatically connect...
Searching for attachable processes on localhost:49152-49215...
Attachable process detected: laniusc (pid: 135839)
- Status: Process created
- Uptime: 0.363s
Searching for attachable processes on localhost:49152-49215...
Attachable process updated: laniusc (pid: 135839)
- Status: No supported graphics API detected. GPU Trace supports OpenGL, Vulkan, Vulkan SC
- Uptime: 3.1s
Searching for attachable processes on localhost:49152-49215...
Searching for attachable processes on localhost:49152-49215...
Attachable process updated: laniusc (pid: 135839)
- Status: Waiting for supported graphics API. GPU Trace supports OpenGL, Vulkan, Vulkan SC
- Uptime: 6.04s
Searching for attachable processes on localhost:49152-49215...
Searching for attachable processes on localhost:49152-49215...
Attachable process updated: laniusc (pid: 135839)
- Status: Presenting
- Uptime: 11.2s
Connecting to laniusc (pid: 135839)...
Session established. Starting activity...
Waiting for target ready...
INFO: Sample duration = 194422ns; Warp State Sampling Interval = 512; GPU PMA Buffer Size (MB) = 800; SOC PMA Buffer Size (MB) = 0 
Preparing to collect a GPU Trace report...
Generating a trace after 7 submits with a max duration of 200ms...
Activity session destroyed, connection error encountered.

