HES is not supported on architecture 'Ampere GA10x'.
Launching process...
Preparing to launch the GPU Trace Profiler activity on localhost...
Launched process: python3.12 (pid: 1917681)
/usr/bin/python3.12 tools/run_daemon_benchmark.py --commands target/nsight-current-1000-commands.json --output target/nsight/lanius-current-1000-warm-20260810/transcript.json --prequeue-delay 10 --postcompile-delay 12

Attempting to automatically connect...
Searching for attachable processes on localhost:49152-49215...
Attachable process detected: laniusc (pid: 1917683)
- Status: Process created
- Uptime: 0.456s
Searching for attachable processes on localhost:49152-49215...
Attachable process updated: laniusc (pid: 1917683)
- Status: No supported graphics API detected. GPU Trace supports OpenGL, Vulkan, Vulkan SC
- Uptime: 3.09s
Searching for attachable processes on localhost:49152-49215...
Searching for attachable processes on localhost:49152-49215...
Attachable process updated: laniusc (pid: 1917683)
- Status: Waiting for supported graphics API. GPU Trace supports OpenGL, Vulkan, Vulkan SC
- Uptime: 6.03s
Searching for attachable processes on localhost:49152-49215...
Searching for attachable processes on localhost:49152-49215...
Attachable process updated: laniusc (pid: 1917683)
- Status: Presenting
- Uptime: 11.8s
Connecting to laniusc (pid: 1917683)...
Session established. Starting activity...
Waiting for target ready...
INFO: Sample duration = 194422ns; Warp State Sampling Interval = 512; GPU PMA Buffer Size (MB) = 4294.9; SOC PMA Buffer Size (MB) = 0 
Preparing to collect a GPU Trace report...
Generating a trace after 33 submits with a max duration of 9999ms, limited to 6 submits...
-- Data transfer progress (70)
-- Data transfer progress (100)
GPU Trace report saved to /home/andrew-peterson/code/laniusc/target/nsight/lanius-current-1000-warm-20260810/laniusc_2026_08_10_22_24_31.ngfx-gputrace
Opening generated GPU Trace report...
-- Loading progress (100)
-- Loading progress (100)
-- Loading progress (100)
-- Loading progress (100)
-- Loading progress (100)
-- Loading progress (100)
-- Loading progress (10)
-- Loading progress (20)
-- Loading progress (30)
-- Loading progress (40)
Succeeded to export data:
    /home/andrew-peterson/code/laniusc/target/nsight/lanius-current-1000-warm-20260810/ReportGeneratorTags.txt
    /home/andrew-peterson/code/laniusc/target/nsight/lanius-current-1000-warm-20260810/BASE_UNLOCKED/REPRO_INFO.xls
    /home/andrew-peterson/code/laniusc/target/nsight/lanius-current-1000-warm-20260810/BASE_UNLOCKED/D3DPERF_EVENTS.xls
    /home/andrew-peterson/code/laniusc/target/nsight/lanius-current-1000-warm-20260810/BASE_UNLOCKED/FRAME.xls
    /home/andrew-peterson/code/laniusc/target/nsight/lanius-current-1000-warm-20260810/BASE_UNLOCKED/GPUTRACE_FRAME.xls
    /home/andrew-peterson/code/laniusc/target/nsight/lanius-current-1000-warm-20260810/BASE_UNLOCKED/GPUTRACE_REGIMES.xls
Terminating process...
Activity session destroyed, connection error encountered.
