HES is not supported on architecture 'Ampere GA10x'.
Launching process...
Preparing to launch the GPU Trace Profiler activity on localhost...
Launched process: laniusc (pid: 1176531)
/home/andrew-peterson/code/laniusc/target/release/laniusc daemon --unix-socket /tmp/laniusc-nsight-current.sock --backend x86_64 --stdlib-root stdlib

Attempting to automatically connect...
Searching for attachable processes on localhost:49152-49215...
Attachable process detected: laniusc (pid: 1176531)
- Status: Process created
- Uptime: 0.405s
Searching for attachable processes on localhost:49152-49215...
Attachable process updated: laniusc (pid: 1176531)
- Status: No supported graphics API detected. GPU Trace supports OpenGL, Vulkan, Vulkan SC
- Uptime: 3.04s
Searching for attachable processes on localhost:49152-49215...
Searching for attachable processes on localhost:49152-49215...
Attachable process updated: laniusc (pid: 1176531)
- Status: Waiting for supported graphics API. GPU Trace supports OpenGL, Vulkan, Vulkan SC
- Uptime: 6.09s
Searching for attachable processes on localhost:49152-49215...
Searching for attachable processes on localhost:49152-49215...
Searching for attachable processes on localhost:49152-49215...
Searching for attachable processes on localhost:49152-49215...
Searching for attachable processes on localhost:49152-49215...
Searching for attachable processes on localhost:49152-49215...
Searching for attachable processes on localhost:49152-49215...
Searching for attachable processes on localhost:49152-49215...
Searching for attachable processes on localhost:49152-49215...
Searching for attachable processes on localhost:49152-49215...
Searching for attachable processes on localhost:49152-49215...
Searching for attachable processes on localhost:49152-49215...
Searching for attachable processes on localhost:49152-49215...
Searching for attachable processes on localhost:49152-49215...
Searching for attachable processes on localhost:49152-49215...
Attachable process updated: laniusc (pid: 1176531)
- Status: Presenting
- Uptime: 37s
Connecting to laniusc (pid: 1176531)...
Session established. Starting activity...
INFO: Sample duration = 194422ns; Warp State Sampling Interval = 512; GPU PMA Buffer Size (MB) = 4294.9; SOC PMA Buffer Size (MB) = 0 
Waiting for target ready...
Preparing to collect a GPU Trace report...
 with a max duration of 10000ms, limited to 6 submits...
GPU Trace report saved to /home/andrew-peterson/code/laniusc/target/nsight/lanius-depth-schedule-20260713/laniusc_2026_07_13_02_20_38.ngfx-gputrace
Opening generated GPU Trace report...
-- Data transfer progress (100)
-- Loading progress (100)
-- Loading progress (100)
-- Loading progress (100)
-- Loading progress (100)
-- Loading progress (10)
-- Loading progress (20)
-- Loading progress (30)
-- Loading progress (40)
-- Loading progress (50)
-- Loading progress (60)
-- Loading progress (70)
-- Loading progress (80)
-- Loading progress (90)
-- Loading progress (100)
Succeeded to export data:
    /home/andrew-peterson/code/laniusc/target/nsight/lanius-depth-schedule-20260713/ReportGeneratorTags.txt
    /home/andrew-peterson/code/laniusc/target/nsight/lanius-depth-schedule-20260713/BASE_UNLOCKED/REPRO_INFO.xls
    /home/andrew-peterson/code/laniusc/target/nsight/lanius-depth-schedule-20260713/BASE_UNLOCKED/D3DPERF_EVENTS.xls
    /home/andrew-peterson/code/laniusc/target/nsight/lanius-depth-schedule-20260713/BASE_UNLOCKED/FRAME.xls
    /home/andrew-peterson/code/laniusc/target/nsight/lanius-depth-schedule-20260713/BASE_UNLOCKED/GPUTRACE_FRAME.xls
    /home/andrew-peterson/code/laniusc/target/nsight/lanius-depth-schedule-20260713/BASE_UNLOCKED/GPUTRACE_REGIMES.xls
Terminating process...
Activity session destroyed, connection error encountered.
