HES is not supported on architecture 'Ampere GA10x'.
Launching process...
Preparing to launch the GPU Trace Profiler activity on localhost...
Launched process: laniusc (pid: 1145282)
/home/andrew-peterson/code/laniusc/target/release/laniusc daemon --unix-socket /tmp/laniusc-ngfx-profile.sock --backend x86_64 --stdlib-root stdlib

Attempting to automatically connect...
Searching for attachable processes on localhost:49152-49215...
Attachable process detected: laniusc (pid: 1145282)
- Status: Process created
- Uptime: 0.505s
Searching for attachable processes on localhost:49152-49215...
Attachable process updated: laniusc (pid: 1145282)
- Status: No supported graphics API detected. GPU Trace supports OpenGL, Vulkan, Vulkan SC
- Uptime: 3.04s
Searching for attachable processes on localhost:49152-49215...
Searching for attachable processes on localhost:49152-49215...
Attachable process updated: laniusc (pid: 1145282)
- Status: Waiting for supported graphics API. GPU Trace supports OpenGL, Vulkan, Vulkan SC
- Uptime: 6.08s
Searching for attachable processes on localhost:49152-49215...
Searching for attachable processes on localhost:49152-49215...
Searching for attachable processes on localhost:49152-49215...
Searching for attachable processes on localhost:49152-49215...
Searching for attachable processes on localhost:49152-49215...
Searching for attachable processes on localhost:49152-49215...
Searching for attachable processes on localhost:49152-49215...
Searching for attachable processes on localhost:49152-49215...
Searching for attachable processes on localhost:49152-49215...
Searching for attachable processes on localhost:49152-49215...
Searching for attachable processes on localhost:49152-49215...
Searching for attachable processes on localhost:49152-49215...
Searching for attachable processes on localhost:49152-49215...
Searching for attachable processes on localhost:49152-49215...
Searching for attachable processes on localhost:49152-49215...
Searching for attachable processes on localhost:49152-49215...
Searching for attachable processes on localhost:49152-49215...
Searching for attachable processes on localhost:49152-49215...
Searching for attachable processes on localhost:49152-49215...
Searching for attachable processes on localhost:49152-49215...
Launch process exited. Searching for attachable child processes...
Searching for attachable processes on localhost:49152-49215...
Failed to connect. The target process may have exited.
Launching process... Failed
Exiting...
