HES is not supported on architecture 'Ampere GA10x'.
Launching process...
Preparing to launch the GPU Trace Profiler activity on localhost...
Launched process: python3.12 (pid: 1804596)
/usr/bin/python3.12 tools/run_daemon_benchmark.py --commands target/nsight-current-1000-commands.json --output target/nsight/lanius-current-1000-20260810-retry2/transcript.json --prequeue-delay 10 --postcompile-delay 12

Attempting to automatically connect...
Searching for attachable processes on localhost:49152-49215...
Attachable process detected: laniusc (pid: 1804598)
- Status: Process created
- Uptime: 0.55s
Searching for attachable processes on localhost:49152-49215...
Attachable process updated: laniusc (pid: 1804598)
- Status: No supported graphics API detected. GPU Trace supports OpenGL, Vulkan, Vulkan SC
- Uptime: 3.09s
Searching for attachable processes on localhost:49152-49215...
Searching for attachable processes on localhost:49152-49215...
Attachable process updated: laniusc (pid: 1804598)
- Status: Waiting for supported graphics API. GPU Trace supports OpenGL, Vulkan, Vulkan SC
- Uptime: 6.03s
Searching for attachable processes on localhost:49152-49215...
Searching for attachable processes on localhost:49152-49215...
Attachable process updated: laniusc (pid: 1804598)
- Status: Presenting
- Uptime: 12s
Connecting to laniusc (pid: 1804598)...
Session established. Starting activity...
Waiting for target ready...
INFO: Sample duration = 194422ns; Warp State Sampling Interval = 512; GPU PMA Buffer Size (MB) = 4294.9; SOC PMA Buffer Size (MB) = 0 
Preparing to collect a GPU Trace report...
 with a max duration of 9999ms...
Activity session destroyed, connection error encountered.

