HES is not supported on architecture 'Ampere GA10x'.
Launching process...
Preparing to launch the GPU Trace Profiler activity on localhost...
Launched process: python3.12 (pid: 1256308)
/usr/bin/python3.12 tools/run_daemon_benchmark.py --commands /tmp/laniusc-rounds-trace-commands.json --output /tmp/laniusc-bracket-game-radix-delayed-trace-transcript.json --prequeue-delay 3

Attempting to automatically connect...
Searching for attachable processes on localhost:49152-49215...
Attachable process detected: laniusc (pid: 1256312)
- Status: Process created
- Uptime: 0.442s
Searching for attachable processes on localhost:49152-49215...
Attachable process updated: laniusc (pid: 1256312)
- Status: No supported graphics API detected. GPU Trace supports OpenGL, Vulkan, Vulkan SC
- Uptime: 3.08s
Searching for attachable processes on localhost:49152-49215...
Attachable process updated: laniusc (pid: 1256312)
- Status: Presenting
- Uptime: 5.41s
Connecting to laniusc (pid: 1256312)...
Session established. Starting activity...
INFO: Sample duration = 194422ns; Warp State Sampling Interval = 512; GPU PMA Buffer Size (MB) = 4294.9; SOC PMA Buffer Size (MB) = 0 
Waiting for target ready...
Preparing to collect a GPU Trace report...
 with a max duration of 9999ms...
Activity session destroyed, connection error encountered.

